[000] = Jan was added
[001] = They are player number 1
[002] = Piet was added
[003] = They are player number 2
[004] = Joris was added
[005] = They are player number 3
[006] = Korneel was added
[007] = They are player number 4
[008] = Jan is the current player
[009] = They have rolled a 7
[010] = Jan's new location is 7
[011] = The category is Rock
[012] = Rock Question 0
[013] = Answer was corrent!!!!
[014] = Jan now has 1 Gold Coins.
[015] = Piet is the current player
[016] = They have rolled a 1
[017] = Piet's new location is 1
[018] = The category is Science
[019] = Science Question 0
[020] = Answer was corrent!!!!
[021] = Piet now has 1 Gold Coins.
[022] = Joris is the current player
[023] = They have rolled a 5
[024] = Joris's new location is 5
[025] = The category is Science
[026] = Science Question 1
[027] = Answer was corrent!!!!
[028] = Joris now has 1 Gold Coins.
[029] = Korneel is the current player
[030] = They have rolled a 7
[031] = Korneel's new location is 7
[032] = The category is Rock
[033] = Rock Question 1
[034] = Answer was corrent!!!!
[035] = Korneel now has 1 Gold Coins.
[036] = Jan is the current player
[037] = They have rolled a 3
[038] = Jan's new location is 10
[039] = The category is Sports
[040] = Sports Question 0
[041] = Answer was corrent!!!!
[042] = Jan now has 2 Gold Coins.
[043] = Piet is the current player
[044] = They have rolled a 4
[045] = Piet's new location is 5
[046] = The category is Science
[047] = Science Question 2
[048] = Answer was corrent!!!!
[049] = Piet now has 2 Gold Coins.
[050] = Joris is the current player
[051] = They have rolled a 5
[052] = Joris's new location is 10
[053] = The category is Sports
[054] = Sports Question 1
[055] = Answer was corrent!!!!
[056] = Joris now has 2 Gold Coins.
[057] = Korneel is the current player
[058] = They have rolled a 6
[059] = Korneel's new location is 1
[060] = The category is Science
[061] = Science Question 3
[062] = Answer was corrent!!!!
[063] = Korneel now has 2 Gold Coins.
[064] = Jan is the current player
[065] = They have rolled a 3
[066] = Jan's new location is 1
[067] = The category is Science
[068] = Science Question 4
[069] = Answer was corrent!!!!
[070] = Jan now has 3 Gold Coins.
[071] = Piet is the current player
[072] = They have rolled a 9
[073] = Piet's new location is 2
[074] = The category is Sports
[075] = Sports Question 2
[076] = Answer was corrent!!!!
[077] = Piet now has 3 Gold Coins.
[078] = Joris is the current player
[079] = They have rolled a 4
[080] = Joris's new location is 2
[081] = The category is Sports
[082] = Sports Question 3
[083] = Answer was corrent!!!!
[084] = Joris now has 3 Gold Coins.
[085] = Korneel is the current player
[086] = They have rolled a 6
[087] = Korneel's new location is 7
[088] = The category is Rock
[089] = Rock Question 2
[090] = Answer was corrent!!!!
[091] = Korneel now has 3 Gold Coins.
[092] = Jan is the current player
[093] = They have rolled a 1
[094] = Jan's new location is 2
[095] = The category is Sports
[096] = Sports Question 4
[097] = Answer was corrent!!!!
[098] = Jan now has 4 Gold Coins.
[099] = Piet is the current player
[100] = They have rolled a 2
[101] = Piet's new location is 4
[102] = The category is Pop
[103] = Pop Question 0
[104] = Answer was corrent!!!!
[105] = Piet now has 4 Gold Coins.
[106] = Joris is the current player
[107] = They have rolled a 9
[108] = Joris's new location is 11
[109] = The category is Rock
[110] = Rock Question 3
[111] = Answer was corrent!!!!
[112] = Joris now has 4 Gold Coins.
[113] = Korneel is the current player
[114] = They have rolled a 9
[115] = Korneel's new location is 4
[116] = The category is Pop
[117] = Pop Question 1
[118] = Answer was corrent!!!!
[119] = Korneel now has 4 Gold Coins.
[120] = Jan is the current player
[121] = They have rolled a 8
[122] = Jan's new location is 10
[123] = The category is Sports
[124] = Sports Question 5
[125] = Answer was corrent!!!!
[126] = Jan now has 5 Gold Coins.
[127] = Piet is the current player
[128] = They have rolled a 4
[129] = Piet's new location is 8
[130] = The category is Pop
[131] = Pop Question 2
[132] = Answer was corrent!!!!
[133] = Piet now has 5 Gold Coins.
[134] = Joris is the current player
[135] = They have rolled a 4
[136] = Joris's new location is 3
[137] = The category is Rock
[138] = Rock Question 4
[139] = Answer was corrent!!!!
[140] = Joris now has 5 Gold Coins.
[141] = Korneel is the current player
[142] = They have rolled a 8
[143] = Korneel's new location is 0
[144] = The category is Pop
[145] = Pop Question 3
[146] = Answer was corrent!!!!
[147] = Korneel now has 5 Gold Coins.
[148] = Jan is the current player
[149] = They have rolled a 8
[150] = Jan's new location is 6
[151] = The category is Sports
[152] = Sports Question 6
[153] = Answer was corrent!!!!
[154] = Jan now has 6 Gold Coins.
